#-----------------------------------------------------------
# Vivado v2024.1 (64-bit)
# SW Build 5076996 on Wed May 22 18:36:09 MDT 2024
# IP Build 5075265 on Wed May 22 21:45:21 MDT 2024
# SharedData Build 5076995 on Wed May 22 18:29:18 MDT 2024
# Start of session at: Fri Feb 28 04:15:43 2025
# Process ID: 1116
# Current directory: /home/ji/ETRI-0.5um-CMOS-MPW-Std-Cell-DK/design/MyChip/2025_1st/DDFS/2_Splited_IO/2_0_Top_DDFS/emulation/0_Co_Emulation/Vivado
# Command line: vivado
# Log file: /home/ji/ETRI-0.5um-CMOS-MPW-Std-Cell-DK/design/MyChip/2025_1st/DDFS/2_Splited_IO/2_0_Top_DDFS/emulation/0_Co_Emulation/Vivado/vivado.log
# Journal file: /home/ji/ETRI-0.5um-CMOS-MPW-Std-Cell-DK/design/MyChip/2025_1st/DDFS/2_Splited_IO/2_0_Top_DDFS/emulation/0_Co_Emulation/Vivado/vivado.jou
# Running On        :HaEun
# Platform          :Ubuntu
# Operating System  :Ubuntu 22.04.5 LTS
# Processor Detail  :AMD Ryzen 5 5625U with Radeon Graphics
# CPU Frequency     :2295.622 MHz
# CPU Physical cores:6
# CPU Logical cores :12
# Host memory       :7968 MB
# Swap memory       :2147 MB
# Total Virtual     :10115 MB
# Available Virtual :9516 MB
#-----------------------------------------------------------
start_gui
open_project /home/ji/ETRI-0.5um-CMOS-MPW-Std-Cell-DK/design/MyChip/2025_1st/DDFS/2_Splited_IO/2_0_Top_DDFS/emulation/0_Co_Emulation/Vivado/DDFS.xpr
export_ip_user_files -of_objects  [get_files /home/ji/ETRI-0.5um-CMOS-MPW-Std-Cell-DK/design/MyChip/2025_1st/DDFS/2_Splited_IO/2_0_Top_DDFS/emulation/0_Co_Emulation/Vivado/DDFS.srcs/sources_1/imports/synthesis/phase_accumulator_netlist_bb.v] -no_script -reset -force -quiet
export_ip_user_files -of_objects  [get_files /home/ji/ETRI-0.5um-CMOS-MPW-Std-Cell-DK/design/MyChip/2025_1st/DDFS/2_Splited_IO/2_0_Top_DDFS/emulation/0_Co_Emulation/Vivado/DDFS.srcs/sources_1/imports/synthesis/cordic_element_netlist_bb.v] -no_script -reset -force -quiet
export_ip_user_files -of_objects  [get_files /home/ji/ETRI-0.5um-CMOS-MPW-Std-Cell-DK/design/MyChip/2025_1st/DDFS/2_Splited_IO/2_0_Top_DDFS/emulation/0_Co_Emulation/Vivado/DDFS.srcs/sources_1/imports/synthesis/output_terminal_netlist_bb.v] -no_script -reset -force -quiet
export_ip_user_files -of_objects  [get_files /home/ji/ETRI-0.5um-CMOS-MPW-Std-Cell-DK/design/MyChip/2025_1st/DDFS/2_Splited_IO/2_0_Top_DDFS/emulation/0_Co_Emulation/Vivado/DDFS.srcs/sources_1/imports/synthesis/DDFS.v] -no_script -reset -force -quiet
remove_files  {/home/ji/ETRI-0.5um-CMOS-MPW-Std-Cell-DK/design/MyChip/2025_1st/DDFS/2_Splited_IO/2_0_Top_DDFS/emulation/0_Co_Emulation/Vivado/DDFS.srcs/sources_1/imports/synthesis/phase_accumulator_netlist_bb.v /home/ji/ETRI-0.5um-CMOS-MPW-Std-Cell-DK/design/MyChip/2025_1st/DDFS/2_Splited_IO/2_0_Top_DDFS/emulation/0_Co_Emulation/Vivado/DDFS.srcs/sources_1/imports/synthesis/cordic_element_netlist_bb.v /home/ji/ETRI-0.5um-CMOS-MPW-Std-Cell-DK/design/MyChip/2025_1st/DDFS/2_Splited_IO/2_0_Top_DDFS/emulation/0_Co_Emulation/Vivado/DDFS.srcs/sources_1/imports/synthesis/output_terminal_netlist_bb.v /home/ji/ETRI-0.5um-CMOS-MPW-Std-Cell-DK/design/MyChip/2025_1st/DDFS/2_Splited_IO/2_0_Top_DDFS/emulation/0_Co_Emulation/Vivado/DDFS.srcs/sources_1/imports/synthesis/DDFS.v}
import_files -force -norecurse {/home/ji/ETRI-0.5um-CMOS-MPW-Std-Cell-DK/design/MyChip/2025_1st/DDFS/2_Splited_IO/2_0_Top_DDFS/emulation/0_Co_Emulation/Vivado/synthesis/phase_accumulator_netlist_bb.v /home/ji/ETRI-0.5um-CMOS-MPW-Std-Cell-DK/design/MyChip/2025_1st/DDFS/2_Splited_IO/2_0_Top_DDFS/emulation/0_Co_Emulation/Vivado/synthesis/cordic_element_netlist_bb.v /home/ji/ETRI-0.5um-CMOS-MPW-Std-Cell-DK/design/MyChip/2025_1st/DDFS/2_Splited_IO/2_0_Top_DDFS/emulation/0_Co_Emulation/Vivado/synthesis/output_terminal_netlist_bb.v /home/ji/ETRI-0.5um-CMOS-MPW-Std-Cell-DK/design/MyChip/2025_1st/DDFS/2_Splited_IO/2_0_Top_DDFS/emulation/0_Co_Emulation/Vivado/synthesis/DDFS.v}
